python : Traceback (most recent call last):
At line:1 char:1
+ python quick_test.py > test_output.txt 2>&1 ; type test_output.txt
+ ~~~~~~~~~~~~~~~~~~~~~~~~~~~~~~~~~~~~~~~~~~~
    + CategoryInfo          : NotSpecified: (Traceback (most recent call l 
   ast)::String) [], RemoteException
    + FullyQualifiedErrorId : NativeCommandError
 
  File "C:\Users\abdullah.firdowsi\AppData\Local\Programs\Python\Python314\
Lib\site-packages\httpx\_transports\default.py", line 101, in 
map_httpcore_exceptions
    yield
  File "C:\Users\abdullah.firdowsi\AppData\Local\Programs\Python\Python314\
Lib\site-packages\httpx\_transports\default.py", line 250, in 
handle_request
    resp = self._pool.handle_request(req)
  File "C:\Users\abdullah.firdowsi\AppData\Local\Programs\Python\Python314\
Lib\site-packages\httpcore\_sync\connection_pool.py", line 256, in 
handle_request
    raise exc from None
  File "C:\Users\abdullah.firdowsi\AppData\Local\Programs\Python\Python314\
Lib\site-packages\httpcore\_sync\connection_pool.py", line 236, in 
handle_request
    response = connection.handle_request(
        pool_request.request
    )
  File "C:\Users\abdullah.firdowsi\AppData\Local\Programs\Python\Python314\
Lib\site-packages\httpcore\_sync\connection.py", line 103, in 
handle_request
    return self._connection.handle_request(request)
           ~~~~~~~~~~~~~~~~~~~~~~~~~~~~~~~^^^^^^^^^
  File "C:\Users\abdullah.firdowsi\AppData\Local\Programs\Python\Python314\
Lib\site-packages\httpcore\_sync\http11.py", line 136, in handle_request
    raise exc
  File "C:\Users\abdullah.firdowsi\AppData\Local\Programs\Python\Python314\
Lib\site-packages\httpcore\_sync\http11.py", line 106, in handle_request
    ) = self._receive_response_headers(**kwargs)
        ~~~~~~~~~~~~~~~~~~~~~~~~~~~~~~^^^^^^^^^^
  File "C:\Users\abdullah.firdowsi\AppData\Local\Programs\Python\Python314\
Lib\site-packages\httpcore\_sync\http11.py", line 177, in 
_receive_response_headers
    event = self._receive_event(timeout=timeout)
  File "C:\Users\abdullah.firdowsi\AppData\Local\Programs\Python\Python314\
Lib\site-packages\httpcore\_sync\http11.py", line 217, in _receive_event
    data = self._network_stream.read(
        self.READ_NUM_BYTES, timeout=timeout
    )
  File "C:\Users\abdullah.firdowsi\AppData\Local\Programs\Python\Python314\
Lib\site-packages\httpcore\_backends\sync.py", line 126, in read
    with map_exceptions(exc_map):
         ~~~~~~~~~~~~~~^^^^^^^^^
  File "C:\Users\abdullah.firdowsi\AppData\Local\Programs\Python\Python314\
Lib\contextlib.py", line 162, in __exit__
    self.gen.throw(value)
    ~~~~~~~~~~~~~~^^^^^^^
  File "C:\Users\abdullah.firdowsi\AppData\Local\Programs\Python\Python314\
Lib\site-packages\httpcore\_exceptions.py", line 14, in map_exceptions
    raise to_exc(exc) from exc
httpcore.ReadTimeout: timed out

The above exception was the direct cause of the following exception:

Traceback (most recent call last):
  File "C:\Projects\Personal\link2hire-v1\quick_test.py", line 15, in 
<module>
    response = httpx.post(
        "http://localhost:8000/process-job",
        json={"raw_job_text": SAMPLE_JOB}
    )
  File "C:\Users\abdullah.firdowsi\AppData\Local\Programs\Python\Python314\
Lib\site-packages\httpx\_api.py", line 304, in post
    return request(
        "POST",
    ...<13 lines>...
        trust_env=trust_env,
    )
  File "C:\Users\abdullah.firdowsi\AppData\Local\Programs\Python\Python314\
Lib\site-packages\httpx\_api.py", line 109, in request
    return client.request(
           ~~~~~~~~~~~~~~^
        method=method,
        ^^^^^^^^^^^^^^
    ...<8 lines>...
        follow_redirects=follow_redirects,
        ^^^^^^^^^^^^^^^^^^^^^^^^^^^^^^^^^^
    )
    ^
  File "C:\Users\abdullah.firdowsi\AppData\Local\Programs\Python\Python314\
Lib\site-packages\httpx\_client.py", line 825, in request
    return self.send(request, auth=auth, follow_redirects=follow_redirects)
           ~~~~~~~~~^^^^^^^^^^^^^^^^^^^^^^^^^^^^^^^^^^^^^^^^^^^^^^^^^^^^^^^
  File "C:\Users\abdullah.firdowsi\AppData\Local\Programs\Python\Python314\
Lib\site-packages\httpx\_client.py", line 914, in send
    response = self._send_handling_auth(
        request,
    ...<2 lines>...
        history=[],
    )
  File "C:\Users\abdullah.firdowsi\AppData\Local\Programs\Python\Python314\
Lib\site-packages\httpx\_client.py", line 942, in _send_handling_auth
    response = self._send_handling_redirects(
        request,
        follow_redirects=follow_redirects,
        history=history,
    )
  File "C:\Users\abdullah.firdowsi\AppData\Local\Programs\Python\Python314\
Lib\site-packages\httpx\_client.py", line 979, in _send_handling_redirects
    response = self._send_single_request(request)
  File "C:\Users\abdullah.firdowsi\AppData\Local\Programs\Python\Python314\
Lib\site-packages\httpx\_client.py", line 1014, in _send_single_request
    response = transport.handle_request(request)
  File "C:\Users\abdullah.firdowsi\AppData\Local\Programs\Python\Python314\
Lib\site-packages\httpx\_transports\default.py", line 249, in 
handle_request
    with map_httpcore_exceptions():
         ~~~~~~~~~~~~~~~~~~~~~~~^^
  File "C:\Users\abdullah.firdowsi\AppData\Local\Programs\Python\Python314\
Lib\contextlib.py", line 162, in __exit__
    self.gen.throw(value)
    ~~~~~~~~~~~~~~^^^^^^^
  File "C:\Users\abdullah.firdowsi\AppData\Local\Programs\Python\Python314\
Lib\site-packages\httpx\_transports\default.py", line 118, in 
map_httpcore_exceptions
    raise mapped_exc(message) from exc
httpx.ReadTimeout: timed out
